param "$mfactor"
units = "", desc = "Multiplier (Verilog-A $mfactor)", flags = ParameterFlags(PARA_KIND_INST)
param "R"
units = "Ohm", desc = "Ohmic resistance", flags = ParameterFlags(0x0)
param "zeta"
units = "", desc = "Temperature coeff", flags = ParameterFlags(0x0)
param "tnom"
units = "Kelvin", desc = "Reference Temp.", flags = ParameterFlags(0x0)

2 terminals
node "A" units = "V", runits = "A"
node "B" units = "V", runits = "A"
jacobian (A, A) JacobianFlags(JACOBIAN_ENTRY_RESIST | JACOBIAN_ENTRY_REACT_CONST)
jacobian (A, B) JacobianFlags(JACOBIAN_ENTRY_RESIST | JACOBIAN_ENTRY_REACT_CONST)
jacobian (B, A) JacobianFlags(JACOBIAN_ENTRY_RESIST | JACOBIAN_ENTRY_REACT_CONST)
jacobian (B, B) JacobianFlags(JACOBIAN_ENTRY_RESIST | JACOBIAN_ENTRY_REACT_CONST)
0 states
has bound_step false
