param "$mfactor"
units = "", desc = "Multiplier (Verilog-A $mfactor)", flags = ParameterFlags(PARA_KIND_INST)
param "l"
units = "", desc = "Length", flags = ParameterFlags(PARA_KIND_INST)
param "w"
units = "", desc = "Width", flags = ParameterFlags(PARA_KIND_INST)
param "ad"
units = "", desc = "Drain area", flags = ParameterFlags(PARA_KIND_INST)
param "as"
units = "", desc = "Source area", flags = ParameterFlags(PARA_KIND_INST)
param "pd"
units = "", desc = "Drain perimeter", flags = ParameterFlags(PARA_KIND_INST)
param "ps"
units = "", desc = "Source perimeter", flags = ParameterFlags(PARA_KIND_INST)
param "nrd"
units = "", desc = "Number of squares in drain", flags = ParameterFlags(PARA_KIND_INST)
param "nrs"
units = "", desc = "Number of squares in source", flags = ParameterFlags(PARA_KIND_INST)
param "instance_nqsmod"
units = "", desc = "Non-quasi-static model selector", flags = ParameterFlags(PARA_TY_INT | PARA_KIND_INST)
param "instance_acnqsmod"
units = "", desc = "AC NQS model selector", flags = ParameterFlags(PARA_TY_INT | PARA_KIND_INST)
param "geo"
units = "", desc = "ACM model drain/source connection", flags = ParameterFlags(PARA_TY_INT | PARA_KIND_INST)
param "delvto"
units = "", desc = "Zero bias threshold voltage variation", flags = ParameterFlags(PARA_KIND_INST)
param "mulu0"
units = "", desc = "Low field mobility multiplier", flags = ParameterFlags(PARA_KIND_INST)
param "capmod"
units = "", desc = "Capacitance model selector", flags = ParameterFlags(PARA_TY_INT)
param "mobmod"
units = "", desc = "Mobility model selector", flags = ParameterFlags(PARA_TY_INT)
param "noimod"
units = "", desc = "Noise model selector", flags = ParameterFlags(PARA_TY_INT)
param "nqsmod"
units = "", desc = "Non-quasi-static model selector", flags = ParameterFlags(PARA_TY_INT)
param "acnqsmod"
units = "", desc = "AC NQS model selector", flags = ParameterFlags(PARA_TY_INT)
param "acm"
units = "", desc = "Area calculation method selector", flags = ParameterFlags(PARA_TY_INT)
param "calcacm"
units = "", desc = "Area calculation method ACM=12", flags = ParameterFlags(PARA_TY_INT)
param "paramchk"
units = "", desc = "Model parameter checking selector", flags = ParameterFlags(PARA_TY_INT)
param "binunit"
units = "", desc = "Bin  unit  selector", flags = ParameterFlags(PARA_TY_INT)
param "tox"
units = "", desc = "Gate oxide thickness in meters", flags = ParameterFlags(0x0)
param "toxm"
units = "", desc = "Gate oxide thickness used in extraction", flags = ParameterFlags(0x0)
param "cdsc"
units = "", desc = "Drain/Source and channel coupling capacitance", flags = ParameterFlags(0x0)
param "cdscb"
units = "", desc = "Body-bias dependence of cdsc", flags = ParameterFlags(0x0)
param "cdscd"
units = "", desc = "Drain-bias dependence of cdsc", flags = ParameterFlags(0x0)
param "cit"
units = "", desc = "Interface state capacitance", flags = ParameterFlags(0x0)
param "nfactor"
units = "", desc = "Subthreshold swing Coefficient", flags = ParameterFlags(0x0)
param "xj"
units = "", desc = "Junction depth in meters", flags = ParameterFlags(0x0)
param "vsat"
units = "", desc = "Saturation velocity at tnom", flags = ParameterFlags(0x0)
param "at"
units = "", desc = "Temperature coefficient of vsat", flags = ParameterFlags(0x0)
param "a0"
units = "", desc = "Non-uniform depletion width effect coefficient.", flags = ParameterFlags(0x0)
param "ags"
units = "", desc = "Gate bias  coefficient of Abulk.", flags = ParameterFlags(0x0)
param "a1"
units = "", desc = "Non-saturation effect coefficient", flags = ParameterFlags(0x0)
param "a2"
units = "", desc = "Non-saturation effect coefficient", flags = ParameterFlags(0x0)
param "keta"
units = "", desc = "Body-bias coefficient of non-uniform depletion width effect.", flags = ParameterFlags(0x0)
param "nsub"
units = "", desc = "Substrate doping concentration", flags = ParameterFlags(0x0)
param "nch"
units = "", desc = "Channel doping concentration", flags = ParameterFlags(0x0)
param "ngate"
units = "", desc = "Poly-gate doping concentration", flags = ParameterFlags(0x0)
param "gamma1"
units = "", desc = "Vth body coefficient", flags = ParameterFlags(0x0)
param "gamma2"
units = "", desc = "Vth body coefficient", flags = ParameterFlags(0x0)
param "vbx"
units = "", desc = "Vth transition body Voltage", flags = ParameterFlags(0x0)
param "vbm"
units = "", desc = "Maximum body voltage", flags = ParameterFlags(0x0)
param "xt"
units = "", desc = "Doping depth", flags = ParameterFlags(0x0)
param "k1"
units = "", desc = "Bulk effect coefficient 1", flags = ParameterFlags(0x0)
param "kt1"
units = "", desc = "Temperature coefficient of Vth", flags = ParameterFlags(0x0)
param "kt1l"
units = "", desc = "Temperature coefficient of Vth", flags = ParameterFlags(0x0)
param "kt2"
units = "", desc = "Body-coefficient of kt1", flags = ParameterFlags(0x0)
param "k2"
units = "", desc = "Bulk effect coefficient 2", flags = ParameterFlags(0x0)
param "k3"
units = "", desc = "Narrow width effect coefficient", flags = ParameterFlags(0x0)
param "k3b"
units = "", desc = "Body effect coefficient of k3", flags = ParameterFlags(0x0)
param "w0"
units = "", desc = "Narrow width effect parameter", flags = ParameterFlags(0x0)
param "nlx"
units = "", desc = "Lateral non-uniform doping effect", flags = ParameterFlags(0x0)
param "dvt0"
units = "", desc = "Short channel effect coeff. 0", flags = ParameterFlags(0x0)
param "dvt1"
units = "", desc = "Short channel effect coeff. 1", flags = ParameterFlags(0x0)
param "dvt2"
units = "", desc = "Short channel effect coeff. 2", flags = ParameterFlags(0x0)
param "dvt0w"
units = "", desc = "Narrow Width coeff. 0", flags = ParameterFlags(0x0)
param "dvt1w"
units = "", desc = "Narrow Width effect coeff. 1", flags = ParameterFlags(0x0)
param "dvt2w"
units = "", desc = "Narrow Width effect coeff. 2", flags = ParameterFlags(0x0)
param "drout"
units = "", desc = "DIBL coefficient of output resistance", flags = ParameterFlags(0x0)
param "dsub"
units = "", desc = "DIBL coefficient in the subthreshold region", flags = ParameterFlags(0x0)
param "vth0", "vtho"
units = "", desc = "Threshold voltage", flags = ParameterFlags(0x0)
param "ua"
units = "", desc = "Linear gate dependence of mobility", flags = ParameterFlags(0x0)
param "ua1"
units = "", desc = "Temperature coefficient of ua", flags = ParameterFlags(0x0)
param "ub"
units = "", desc = "Quadratic gate dependence of mobility", flags = ParameterFlags(0x0)
param "ub1"
units = "", desc = "Temperature coefficient of ub", flags = ParameterFlags(0x0)
param "uc"
units = "", desc = "Body-bias dependence of mobility", flags = ParameterFlags(0x0)
param "uc1"
units = "", desc = "Temperature coefficient of uc", flags = ParameterFlags(0x0)
param "u0"
units = "", desc = "Low-field mobility at Tnom", flags = ParameterFlags(0x0)
param "ute"
units = "", desc = "Temperature coefficient of mobility", flags = ParameterFlags(0x0)
param "voff"
units = "", desc = "Threshold voltage offset", flags = ParameterFlags(0x0)
param "tnom"
units = "", desc = "Parameter measurement temperature", flags = ParameterFlags(0x0)
param "cgso"
units = "", desc = "Gate-source overlap capacitance per width", flags = ParameterFlags(0x0)
param "cgdo"
units = "", desc = "Gate-drain overlap capacitance per width", flags = ParameterFlags(0x0)
param "cgbo"
units = "", desc = "Gate-bulk overlap capacitance per length", flags = ParameterFlags(0x0)
param "xpart"
units = "", desc = "Channel charge partitioning", flags = ParameterFlags(0x0)
param "elm"
units = "", desc = "Non-quasi-static Elmore Constant Parameter", flags = ParameterFlags(0x0)
param "delta"
units = "", desc = "Effective Vds parameter", flags = ParameterFlags(0x0)
param "rsh"
units = "", desc = "Source-drain sheet resistance", flags = ParameterFlags(0x0)
param "rdsw"
units = "", desc = "Source-drain resistance per width", flags = ParameterFlags(0x0)
param "prwg"
units = "", desc = "Gate-bias effect on parasitic resistance ", flags = ParameterFlags(0x0)
param "prwb"
units = "", desc = "Body-effect on parasitic resistance ", flags = ParameterFlags(0x0)
param "prt"
units = "", desc = "Temperature coefficient of parasitic resistance ", flags = ParameterFlags(0x0)
param "eta0"
units = "", desc = "Subthreshold region DIBL coefficient", flags = ParameterFlags(0x0)
param "etab"
units = "", desc = "Subthreshold region DIBL coefficient", flags = ParameterFlags(0x0)
param "pclm"
units = "", desc = "Channel length modulation Coefficient", flags = ParameterFlags(0x0)
param "pdiblc1"
units = "", desc = "Drain-induced barrier lowering coefficient", flags = ParameterFlags(0x0)
param "pdiblc2"
units = "", desc = "Drain-induced barrier lowering coefficient", flags = ParameterFlags(0x0)
param "pdiblcb"
units = "", desc = "Body-effect on drain-induced barrier lowering", flags = ParameterFlags(0x0)
param "pscbe1"
units = "", desc = "Substrate current body-effect coefficient", flags = ParameterFlags(0x0)
param "pscbe2"
units = "", desc = "Substrate current body-effect coefficient", flags = ParameterFlags(0x0)
param "pvag"
units = "", desc = "Gate dependence of output resistance parameter", flags = ParameterFlags(0x0)
param "js"
units = "", desc = "Source/drain junction reverse saturation current density", flags = ParameterFlags(0x0)
param "jsw"
units = "", desc = "Sidewall junction reverse saturation current density", flags = ParameterFlags(0x0)
param "pb"
units = "", desc = "Source/drain junction built-in potential", flags = ParameterFlags(0x0)
param "nj"
units = "", desc = "Source/drain junction emission coefficient", flags = ParameterFlags(0x0)
param "xti"
units = "", desc = "Junction current temperature exponent", flags = ParameterFlags(0x0)
param "mj"
units = "", desc = "Source/drain bottom junction capacitance grading coefficient", flags = ParameterFlags(0x0)
param "pbsw"
units = "", desc = "Source/drain sidewall junction capacitance built in potential", flags = ParameterFlags(0x0)
param "mjsw"
units = "", desc = "Source/drain sidewall junction capacitance grading coefficient", flags = ParameterFlags(0x0)
param "pbswg"
units = "", desc = "Source/drain (gate side) sidewall junction capacitance built in potential", flags = ParameterFlags(0x0)
param "mjswg"
units = "", desc = "Source/drain (gate side) sidewall junction capacitance grading coefficient", flags = ParameterFlags(0x0)
param "cj"
units = "", desc = "Source/drain bottom junction capacitance per unit area", flags = ParameterFlags(0x0)
param "vfbcv"
units = "", desc = "Flat Band Voltage parameter for capmod=0 only", flags = ParameterFlags(0x0)
param "vfb"
units = "", desc = "Flat Band Voltage", flags = ParameterFlags(0x0)
param "cjsw"
units = "", desc = "Source/drain sidewall junction capacitance per unit periphery", flags = ParameterFlags(0x0)
param "cjswg"
units = "", desc = "Source/drain (gate side) sidewall junction capacitance per unit width", flags = ParameterFlags(0x0)
param "tpb"
units = "", desc = "Temperature coefficient of pb", flags = ParameterFlags(0x0)
param "tcj"
units = "", desc = "Temperature coefficient of cj", flags = ParameterFlags(0x0)
param "tpbsw"
units = "", desc = "Temperature coefficient of pbsw", flags = ParameterFlags(0x0)
param "tcjsw"
units = "", desc = "Temperature coefficient of cjsw", flags = ParameterFlags(0x0)
param "tpbswg"
units = "", desc = "Temperature coefficient of pbswg", flags = ParameterFlags(0x0)
param "tcjswg"
units = "", desc = "Temperature coefficient of cjswg", flags = ParameterFlags(0x0)
param "acde"
units = "", desc = "Exponential coefficient for finite charge thickness", flags = ParameterFlags(0x0)
param "moin"
units = "", desc = "Coefficient for gate-bias dependent surface potential", flags = ParameterFlags(0x0)
param "noff"
units = "", desc = "C-V turn-on/off parameter", flags = ParameterFlags(0x0)
param "voffcv"
units = "", desc = "C-V lateral-shift parameter", flags = ParameterFlags(0x0)
param "lintnoi"
units = "", desc = "lint offset for noise calculation", flags = ParameterFlags(0x0)
param "lint"
units = "", desc = "Length reduction parameter", flags = ParameterFlags(0x0)
param "ll"
units = "", desc = "Length reduction parameter", flags = ParameterFlags(0x0)
param "llc"
units = "", desc = "Length reduction parameter for CV", flags = ParameterFlags(0x0)
param "lln"
units = "", desc = "Length reduction parameter", flags = ParameterFlags(0x0)
param "lw"
units = "", desc = "Length reduction parameter", flags = ParameterFlags(0x0)
param "lwc"
units = "", desc = "Length reduction parameter for CV", flags = ParameterFlags(0x0)
param "lwn"
units = "", desc = "Length reduction parameter", flags = ParameterFlags(0x0)
param "lwl"
units = "", desc = "Length reduction parameter", flags = ParameterFlags(0x0)
param "lwlc"
units = "", desc = "Length reduction parameter for CV", flags = ParameterFlags(0x0)
param "lmin"
units = "", desc = "Minimum length for the model", flags = ParameterFlags(0x0)
param "lmax"
units = "", desc = "Maximum length for the model", flags = ParameterFlags(0x0)
param "xl"
units = "", desc = "Length correction parameter", flags = ParameterFlags(0x0)
param "xw"
units = "", desc = "Width correction parameter", flags = ParameterFlags(0x0)
param "wr"
units = "", desc = "Width dependence of rds", flags = ParameterFlags(0x0)
param "wint"
units = "", desc = "Width reduction parameter", flags = ParameterFlags(0x0)
param "dwg"
units = "", desc = "Width reduction parameter", flags = ParameterFlags(0x0)
param "dwb"
units = "", desc = "Width reduction parameter", flags = ParameterFlags(0x0)
param "wl"
units = "", desc = "Width reduction parameter", flags = ParameterFlags(0x0)
param "wlc"
units = "", desc = "Width reduction parameter for CV", flags = ParameterFlags(0x0)
param "wln"
units = "", desc = "Width reduction parameter", flags = ParameterFlags(0x0)
param "ww"
units = "", desc = "Width reduction parameter", flags = ParameterFlags(0x0)
param "wwc"
units = "", desc = "Width reduction parameter for CV", flags = ParameterFlags(0x0)
param "wwn"
units = "", desc = "Width reduction parameter", flags = ParameterFlags(0x0)
param "wwl"
units = "", desc = "Width reduction parameter", flags = ParameterFlags(0x0)
param "wwlc"
units = "", desc = "Width reduction parameter for CV", flags = ParameterFlags(0x0)
param "wmin"
units = "", desc = "Minimum width for the model", flags = ParameterFlags(0x0)
param "wmax"
units = "", desc = "Maximum width for the model", flags = ParameterFlags(0x0)
param "b0"
units = "", desc = "Abulk narrow width parameter", flags = ParameterFlags(0x0)
param "b1"
units = "", desc = "Abulk narrow width parameter", flags = ParameterFlags(0x0)
param "cgsl"
units = "", desc = "New C-V model parameter", flags = ParameterFlags(0x0)
param "cgdl"
units = "", desc = "New C-V model parameter", flags = ParameterFlags(0x0)
param "ckappa"
units = "", desc = "New C-V model parameter", flags = ParameterFlags(0x0)
param "cf"
units = "", desc = "Fringe capacitance parameter", flags = ParameterFlags(0x0)
param "clc"
units = "", desc = "Vdsat parameter for C-V model", flags = ParameterFlags(0x0)
param "cle"
units = "", desc = "Vdsat parameter for C-V model", flags = ParameterFlags(0x0)
param "dwc"
units = "", desc = "Delta W for C-V model", flags = ParameterFlags(0x0)
param "dlc"
units = "", desc = "Delta L for C-V model", flags = ParameterFlags(0x0)
param "hdif"
units = "", desc = "ACM Parameter: Distance Gate - contact", flags = ParameterFlags(0x0)
param "ldif"
units = "", desc = "ACM Parameter: Length of LDD Gate-Source/Drain", flags = ParameterFlags(0x0)
param "ld"
units = "", desc = "ACM Parameter: Length of LDD under Gate", flags = ParameterFlags(0x0)
param "rd"
units = "", desc = "ACM Parameter: Resistance of LDD drain side", flags = ParameterFlags(0x0)
param "rs"
units = "", desc = "ACM Parameter: Resistance of LDD source side", flags = ParameterFlags(0x0)
param "rdc"
units = "", desc = "ACM Parameter: Resistance contact drain side", flags = ParameterFlags(0x0)
param "rsc"
units = "", desc = "ACM Parameter: Resistance contact source side", flags = ParameterFlags(0x0)
param "wmlt"
units = "", desc = "ACM Parameter: Width shrink factor", flags = ParameterFlags(0x0)
param "alpha0"
units = "", desc = "substrate current model parameter", flags = ParameterFlags(0x0)
param "alpha1"
units = "", desc = "substrate current model parameter", flags = ParameterFlags(0x0)
param "beta0"
units = "", desc = "substrate current model parameter", flags = ParameterFlags(0x0)
param "ijth"
units = "", desc = "Diode limiting current", flags = ParameterFlags(0x0)
param "lcdsc"
units = "", desc = "Length dependence of cdsc", flags = ParameterFlags(0x0)
param "lcdscb"
units = "", desc = "Length dependence of cdscb", flags = ParameterFlags(0x0)
param "lcdscd"
units = "", desc = "Length dependence of cdscd", flags = ParameterFlags(0x0)
param "lcit"
units = "", desc = "Length dependence of cit", flags = ParameterFlags(0x0)
param "lnfactor"
units = "", desc = "Length dependence of nfactor", flags = ParameterFlags(0x0)
param "lxj"
units = "", desc = "Length dependence of xj", flags = ParameterFlags(0x0)
param "lvsat"
units = "", desc = "Length dependence of vsat", flags = ParameterFlags(0x0)
param "lat"
units = "", desc = "Length dependence of at", flags = ParameterFlags(0x0)
param "la0"
units = "", desc = "Length dependence of a0", flags = ParameterFlags(0x0)
param "lags"
units = "", desc = "Length dependence of ags", flags = ParameterFlags(0x0)
param "la1"
units = "", desc = "Length dependence of a1", flags = ParameterFlags(0x0)
param "la2"
units = "", desc = "Length dependence of a2", flags = ParameterFlags(0x0)
param "lketa"
units = "", desc = "Length dependence of keta", flags = ParameterFlags(0x0)
param "lnsub"
units = "", desc = "Length dependence of nsub", flags = ParameterFlags(0x0)
param "lnch"
units = "", desc = "Length dependence of nch", flags = ParameterFlags(0x0)
param "lngate"
units = "", desc = "Length dependence of ngate", flags = ParameterFlags(0x0)
param "lgamma1"
units = "", desc = "Length dependence of gamma1", flags = ParameterFlags(0x0)
param "lgamma2"
units = "", desc = "Length dependence of gamma2", flags = ParameterFlags(0x0)
param "lvbx"
units = "", desc = "Length dependence of vbx", flags = ParameterFlags(0x0)
param "lvbm"
units = "", desc = "Length dependence of vbm", flags = ParameterFlags(0x0)
param "lxt"
units = "", desc = "Length dependence of xt", flags = ParameterFlags(0x0)
param "lk1"
units = "", desc = "Length dependence of k1", flags = ParameterFlags(0x0)
param "lkt1"
units = "", desc = "Length dependence of kt1", flags = ParameterFlags(0x0)
param "lkt1l"
units = "", desc = "Length dependence of kt1l", flags = ParameterFlags(0x0)
param "lkt2"
units = "", desc = "Length dependence of kt2", flags = ParameterFlags(0x0)
param "lk2"
units = "", desc = "Length dependence of k2", flags = ParameterFlags(0x0)
param "lk3"
units = "", desc = "Length dependence of k3", flags = ParameterFlags(0x0)
param "lk3b"
units = "", desc = "Length dependence of k3b", flags = ParameterFlags(0x0)
param "lw0"
units = "", desc = "Length dependence of w0", flags = ParameterFlags(0x0)
param "lnlx"
units = "", desc = "Length dependence of nlx", flags = ParameterFlags(0x0)
param "ldvt0"
units = "", desc = "Length dependence of dvt0", flags = ParameterFlags(0x0)
param "ldvt1"
units = "", desc = "Length dependence of dvt1", flags = ParameterFlags(0x0)
param "ldvt2"
units = "", desc = "Length dependence of dvt2", flags = ParameterFlags(0x0)
param "ldvt0w"
units = "", desc = "Length dependence of dvt0w", flags = ParameterFlags(0x0)
param "ldvt1w"
units = "", desc = "Length dependence of dvt1w", flags = ParameterFlags(0x0)
param "ldvt2w"
units = "", desc = "Length dependence of dvt2w", flags = ParameterFlags(0x0)
param "ldrout"
units = "", desc = "Length dependence of drout", flags = ParameterFlags(0x0)
param "ldsub"
units = "", desc = "Length dependence of dsub", flags = ParameterFlags(0x0)
param "lvth0", "lvtho"
units = "", desc = "Length dependence of vth0", flags = ParameterFlags(0x0)
param "lua"
units = "", desc = "Length dependence of ua", flags = ParameterFlags(0x0)
param "lua1"
units = "", desc = "Length dependence of ua1", flags = ParameterFlags(0x0)
param "lub"
units = "", desc = "Length dependence of ub", flags = ParameterFlags(0x0)
param "lub1"
units = "", desc = "Length dependence of ub1", flags = ParameterFlags(0x0)
param "luc"
units = "", desc = "Length dependence of uc", flags = ParameterFlags(0x0)
param "luc1"
units = "", desc = "Length dependence of uc1", flags = ParameterFlags(0x0)
param "lu0"
units = "", desc = "Length dependence of u0", flags = ParameterFlags(0x0)
param "lute"
units = "", desc = "Length dependence of ute", flags = ParameterFlags(0x0)
param "lvoff"
units = "", desc = "Length dependence of voff", flags = ParameterFlags(0x0)
param "lelm"
units = "", desc = "Length dependence of elm", flags = ParameterFlags(0x0)
param "ldelta"
units = "", desc = "Length dependence of delta", flags = ParameterFlags(0x0)
param "lrdsw"
units = "", desc = "Length dependence of rdsw ", flags = ParameterFlags(0x0)
param "lprwg"
units = "", desc = "Length dependence of prwg ", flags = ParameterFlags(0x0)
param "lprwb"
units = "", desc = "Length dependence of prwb ", flags = ParameterFlags(0x0)
param "lprt"
units = "", desc = "Length dependence of prt ", flags = ParameterFlags(0x0)
param "leta0"
units = "", desc = "Length dependence of eta0", flags = ParameterFlags(0x0)
param "letab"
units = "", desc = "Length dependence of etab", flags = ParameterFlags(0x0)
param "lpclm"
units = "", desc = "Length dependence of pclm", flags = ParameterFlags(0x0)
param "lpdiblc1"
units = "", desc = "Length dependence of pdiblc1", flags = ParameterFlags(0x0)
param "lpdiblc2"
units = "", desc = "Length dependence of pdiblc2", flags = ParameterFlags(0x0)
param "lpdiblcb"
units = "", desc = "Length dependence of pdiblcb", flags = ParameterFlags(0x0)
param "lpscbe1"
units = "", desc = "Length dependence of pscbe1", flags = ParameterFlags(0x0)
param "lpscbe2"
units = "", desc = "Length dependence of pscbe2", flags = ParameterFlags(0x0)
param "lpvag"
units = "", desc = "Length dependence of pvag", flags = ParameterFlags(0x0)
param "lwr"
units = "", desc = "Length dependence of wr", flags = ParameterFlags(0x0)
param "ldwg"
units = "", desc = "Length dependence of dwg", flags = ParameterFlags(0x0)
param "ldwb"
units = "", desc = "Length dependence of dwb", flags = ParameterFlags(0x0)
param "lb0"
units = "", desc = "Length dependence of b0", flags = ParameterFlags(0x0)
param "lb1"
units = "", desc = "Length dependence of b1", flags = ParameterFlags(0x0)
param "lcgsl"
units = "", desc = "Length dependence of cgsl", flags = ParameterFlags(0x0)
param "lcgdl"
units = "", desc = "Length dependence of cgdl", flags = ParameterFlags(0x0)
param "lckappa"
units = "", desc = "Length dependence of ckappa", flags = ParameterFlags(0x0)
param "lcf"
units = "", desc = "Length dependence of cf", flags = ParameterFlags(0x0)
param "lclc"
units = "", desc = "Length dependence of clc", flags = ParameterFlags(0x0)
param "lcle"
units = "", desc = "Length dependence of cle", flags = ParameterFlags(0x0)
param "lalpha0"
units = "", desc = "Length dependence of alpha0", flags = ParameterFlags(0x0)
param "lalpha1"
units = "", desc = "Length dependence of alpha1", flags = ParameterFlags(0x0)
param "lbeta0"
units = "", desc = "Length dependence of beta0", flags = ParameterFlags(0x0)
param "lvfbcv"
units = "", desc = "Length dependence of vfbcv", flags = ParameterFlags(0x0)
param "lvfb"
units = "", desc = "Length dependence of vfb", flags = ParameterFlags(0x0)
param "lacde"
units = "", desc = "Length dependence of acde", flags = ParameterFlags(0x0)
param "lmoin"
units = "", desc = "Length dependence of moin", flags = ParameterFlags(0x0)
param "lnoff"
units = "", desc = "Length dependence of noff", flags = ParameterFlags(0x0)
param "lvoffcv"
units = "", desc = "Length dependence of voffcv", flags = ParameterFlags(0x0)
param "wcdsc"
units = "", desc = "Width dependence of cdsc", flags = ParameterFlags(0x0)
param "wcdscb"
units = "", desc = "Width dependence of cdscb", flags = ParameterFlags(0x0)
param "wcdscd"
units = "", desc = "Width dependence of cdscd", flags = ParameterFlags(0x0)
param "wcit"
units = "", desc = "Width dependence of cit", flags = ParameterFlags(0x0)
param "wnfactor"
units = "", desc = "Width dependence of nfactor", flags = ParameterFlags(0x0)
param "wxj"
units = "", desc = "Width dependence of xj", flags = ParameterFlags(0x0)
param "wvsat"
units = "", desc = "Width dependence of vsat", flags = ParameterFlags(0x0)
param "wat"
units = "", desc = "Width dependence of at", flags = ParameterFlags(0x0)
param "wa0"
units = "", desc = "Width dependence of a0", flags = ParameterFlags(0x0)
param "wags"
units = "", desc = "Width dependence of ags", flags = ParameterFlags(0x0)
param "wa1"
units = "", desc = "Width dependence of a1", flags = ParameterFlags(0x0)
param "wa2"
units = "", desc = "Width dependence of a2", flags = ParameterFlags(0x0)
param "wketa"
units = "", desc = "Width dependence of keta", flags = ParameterFlags(0x0)
param "wnsub"
units = "", desc = "Width dependence of nsub", flags = ParameterFlags(0x0)
param "wnch"
units = "", desc = "Width dependence of nch", flags = ParameterFlags(0x0)
param "wngate"
units = "", desc = "Width dependence of ngate", flags = ParameterFlags(0x0)
param "wgamma1"
units = "", desc = "Width dependence of gamma1", flags = ParameterFlags(0x0)
param "wgamma2"
units = "", desc = "Width dependence of gamma2", flags = ParameterFlags(0x0)
param "wvbx"
units = "", desc = "Width dependence of vbx", flags = ParameterFlags(0x0)
param "wvbm"
units = "", desc = "Width dependence of vbm", flags = ParameterFlags(0x0)
param "wxt"
units = "", desc = "Width dependence of xt", flags = ParameterFlags(0x0)
param "wk1"
units = "", desc = "Width dependence of k1", flags = ParameterFlags(0x0)
param "wkt1"
units = "", desc = "Width dependence of kt1", flags = ParameterFlags(0x0)
param "wkt1l"
units = "", desc = "Width dependence of kt1l", flags = ParameterFlags(0x0)
param "wkt2"
units = "", desc = "Width dependence of kt2", flags = ParameterFlags(0x0)
param "wk2"
units = "", desc = "Width dependence of k2", flags = ParameterFlags(0x0)
param "wk3"
units = "", desc = "Width dependence of k3", flags = ParameterFlags(0x0)
param "wk3b"
units = "", desc = "Width dependence of k3b", flags = ParameterFlags(0x0)
param "ww0"
units = "", desc = "Width dependence of w0", flags = ParameterFlags(0x0)
param "wnlx"
units = "", desc = "Width dependence of nlx", flags = ParameterFlags(0x0)
param "wdvt0"
units = "", desc = "Width dependence of dvt0", flags = ParameterFlags(0x0)
param "wdvt1"
units = "", desc = "Width dependence of dvt1", flags = ParameterFlags(0x0)
param "wdvt2"
units = "", desc = "Width dependence of dvt2", flags = ParameterFlags(0x0)
param "wdvt0w"
units = "", desc = "Width dependence of dvt0w", flags = ParameterFlags(0x0)
param "wdvt1w"
units = "", desc = "Width dependence of dvt1w", flags = ParameterFlags(0x0)
param "wdvt2w"
units = "", desc = "Width dependence of dvt2w", flags = ParameterFlags(0x0)
param "wdrout"
units = "", desc = "Width dependence of drout", flags = ParameterFlags(0x0)
param "wdsub"
units = "", desc = "Width dependence of dsub", flags = ParameterFlags(0x0)
param "wvth0", "wvtho"
units = "", desc = "Width dependence of vth0", flags = ParameterFlags(0x0)
param "wua"
units = "", desc = "Width dependence of ua", flags = ParameterFlags(0x0)
param "wua1"
units = "", desc = "Width dependence of ua1", flags = ParameterFlags(0x0)
param "wub"
units = "", desc = "Width dependence of ub", flags = ParameterFlags(0x0)
param "wub1"
units = "", desc = "Width dependence of ub1", flags = ParameterFlags(0x0)
param "wuc"
units = "", desc = "Width dependence of uc", flags = ParameterFlags(0x0)
param "wuc1"
units = "", desc = "Width dependence of uc1", flags = ParameterFlags(0x0)
param "wu0"
units = "", desc = "Width dependence of u0", flags = ParameterFlags(0x0)
param "wute"
units = "", desc = "Width dependence of ute", flags = ParameterFlags(0x0)
param "wvoff"
units = "", desc = "Width dependence of voff", flags = ParameterFlags(0x0)
param "welm"
units = "", desc = "Width dependence of elm", flags = ParameterFlags(0x0)
param "wdelta"
units = "", desc = "Width dependence of delta", flags = ParameterFlags(0x0)
param "wrdsw"
units = "", desc = "Width dependence of rdsw ", flags = ParameterFlags(0x0)
param "wprwg"
units = "", desc = "Width dependence of prwg ", flags = ParameterFlags(0x0)
param "wprwb"
units = "", desc = "Width dependence of prwb ", flags = ParameterFlags(0x0)
param "wprt"
units = "", desc = "Width dependence of prt", flags = ParameterFlags(0x0)
param "weta0"
units = "", desc = "Width dependence of eta0", flags = ParameterFlags(0x0)
param "wetab"
units = "", desc = "Width dependence of etab", flags = ParameterFlags(0x0)
param "wpclm"
units = "", desc = "Width dependence of pclm", flags = ParameterFlags(0x0)
param "wpdiblc1"
units = "", desc = "Width dependence of pdiblc1", flags = ParameterFlags(0x0)
param "wpdiblc2"
units = "", desc = "Width dependence of pdiblc2", flags = ParameterFlags(0x0)
param "wpdiblcb"
units = "", desc = "Width dependence of pdiblcb", flags = ParameterFlags(0x0)
param "wpscbe1"
units = "", desc = "Width dependence of pscbe1", flags = ParameterFlags(0x0)
param "wpscbe2"
units = "", desc = "Width dependence of pscbe2", flags = ParameterFlags(0x0)
param "wpvag"
units = "", desc = "Width dependence of pvag", flags = ParameterFlags(0x0)
param "wwr"
units = "", desc = "Width dependence of wr", flags = ParameterFlags(0x0)
param "wdwg"
units = "", desc = "Width dependence of dwg", flags = ParameterFlags(0x0)
param "wdwb"
units = "", desc = "Width dependence of dwb", flags = ParameterFlags(0x0)
param "wb0"
units = "", desc = "Width dependence of b0", flags = ParameterFlags(0x0)
param "wb1"
units = "", desc = "Width dependence of b1", flags = ParameterFlags(0x0)
param "wcgsl"
units = "", desc = "Width dependence of cgsl", flags = ParameterFlags(0x0)
param "wcgdl"
units = "", desc = "Width dependence of cgdl", flags = ParameterFlags(0x0)
param "wckappa"
units = "", desc = "Width dependence of ckappa", flags = ParameterFlags(0x0)
param "wcf"
units = "", desc = "Width dependence of cf", flags = ParameterFlags(0x0)
param "wclc"
units = "", desc = "Width dependence of clc", flags = ParameterFlags(0x0)
param "wcle"
units = "", desc = "Width dependence of cle", flags = ParameterFlags(0x0)
param "walpha0"
units = "", desc = "Width dependence of alpha0", flags = ParameterFlags(0x0)
param "walpha1"
units = "", desc = "Width dependence of alpha1", flags = ParameterFlags(0x0)
param "wbeta0"
units = "", desc = "Width dependence of beta0", flags = ParameterFlags(0x0)
param "wvfbcv"
units = "", desc = "Width dependence of vfbcv", flags = ParameterFlags(0x0)
param "wvfb"
units = "", desc = "Width dependence of vfb", flags = ParameterFlags(0x0)
param "wacde"
units = "", desc = "Width dependence of acde", flags = ParameterFlags(0x0)
param "wmoin"
units = "", desc = "Width dependence of moin", flags = ParameterFlags(0x0)
param "wnoff"
units = "", desc = "Width dependence of noff", flags = ParameterFlags(0x0)
param "wvoffcv"
units = "", desc = "Width dependence of voffcv", flags = ParameterFlags(0x0)
param "pcdsc"
units = "", desc = "Cross-term dependence of cdsc", flags = ParameterFlags(0x0)
param "pcdscb"
units = "", desc = "Cross-term dependence of cdscb", flags = ParameterFlags(0x0)
param "pcdscd"
units = "", desc = "Cross-term dependence of cdscd", flags = ParameterFlags(0x0)
param "pcit"
units = "", desc = "Cross-term dependence of cit", flags = ParameterFlags(0x0)
param "pnfactor"
units = "", desc = "Cross-term dependence of nfactor", flags = ParameterFlags(0x0)
param "pxj"
units = "", desc = "Cross-term dependence of xj", flags = ParameterFlags(0x0)
param "pvsat"
units = "", desc = "Cross-term dependence of vsat", flags = ParameterFlags(0x0)
param "pat"
units = "", desc = "Cross-term dependence of at", flags = ParameterFlags(0x0)
param "pa0"
units = "", desc = "Cross-term dependence of a0", flags = ParameterFlags(0x0)
param "pags"
units = "", desc = "Cross-term dependence of ags", flags = ParameterFlags(0x0)
param "pa1"
units = "", desc = "Cross-term dependence of a1", flags = ParameterFlags(0x0)
param "pa2"
units = "", desc = "Cross-term dependence of a2", flags = ParameterFlags(0x0)
param "pketa"
units = "", desc = "Cross-term dependence of keta", flags = ParameterFlags(0x0)
param "pnsub"
units = "", desc = "Cross-term dependence of nsub", flags = ParameterFlags(0x0)
param "pnch"
units = "", desc = "Cross-term dependence of nch", flags = ParameterFlags(0x0)
param "pngate"
units = "", desc = "Cross-term dependence of ngate", flags = ParameterFlags(0x0)
param "pgamma1"
units = "", desc = "Cross-term dependence of gamma1", flags = ParameterFlags(0x0)
param "pgamma2"
units = "", desc = "Cross-term dependence of gamma2", flags = ParameterFlags(0x0)
param "pvbx"
units = "", desc = "Cross-term dependence of vbx", flags = ParameterFlags(0x0)
param "pvbm"
units = "", desc = "Cross-term dependence of vbm", flags = ParameterFlags(0x0)
param "pxt"
units = "", desc = "Cross-term dependence of xt", flags = ParameterFlags(0x0)
param "pk1"
units = "", desc = "Cross-term dependence of k1", flags = ParameterFlags(0x0)
param "pkt1"
units = "", desc = "Cross-term dependence of kt1", flags = ParameterFlags(0x0)
param "pkt1l"
units = "", desc = "Cross-term dependence of kt1l", flags = ParameterFlags(0x0)
param "pkt2"
units = "", desc = "Cross-term dependence of kt2", flags = ParameterFlags(0x0)
param "pk2"
units = "", desc = "Cross-term dependence of k2", flags = ParameterFlags(0x0)
param "pk3"
units = "", desc = "Cross-term dependence of k3", flags = ParameterFlags(0x0)
param "pk3b"
units = "", desc = "Cross-term dependence of k3b", flags = ParameterFlags(0x0)
param "pw0"
units = "", desc = "Cross-term dependence of w0", flags = ParameterFlags(0x0)
param "pnlx"
units = "", desc = "Cross-term dependence of nlx", flags = ParameterFlags(0x0)
param "pdvt0"
units = "", desc = "Cross-term dependence of dvt0", flags = ParameterFlags(0x0)
param "pdvt1"
units = "", desc = "Cross-term dependence of dvt1", flags = ParameterFlags(0x0)
param "pdvt2"
units = "", desc = "Cross-term dependence of dvt2", flags = ParameterFlags(0x0)
param "pdvt0w"
units = "", desc = "Cross-term dependence of dvt0w", flags = ParameterFlags(0x0)
param "pdvt1w"
units = "", desc = "Cross-term dependence of dvt1w", flags = ParameterFlags(0x0)
param "pdvt2w"
units = "", desc = "Cross-term dependence of dvt2w", flags = ParameterFlags(0x0)
param "pdrout"
units = "", desc = "Cross-term dependence of drout", flags = ParameterFlags(0x0)
param "pdsub"
units = "", desc = "Cross-term dependence of dsub", flags = ParameterFlags(0x0)
param "pvth0", "pvtho"
units = "", desc = "Cross-term dependence of vth0", flags = ParameterFlags(0x0)
param "pua"
units = "", desc = "Cross-term dependence of ua", flags = ParameterFlags(0x0)
param "pua1"
units = "", desc = "Cross-term dependence of ua1", flags = ParameterFlags(0x0)
param "pub"
units = "", desc = "Cross-term dependence of ub", flags = ParameterFlags(0x0)
param "pub1"
units = "", desc = "Cross-term dependence of ub1", flags = ParameterFlags(0x0)
param "puc"
units = "", desc = "Cross-term dependence of uc", flags = ParameterFlags(0x0)
param "puc1"
units = "", desc = "Cross-term dependence of uc1", flags = ParameterFlags(0x0)
param "pu0"
units = "", desc = "Cross-term dependence of u0", flags = ParameterFlags(0x0)
param "pute"
units = "", desc = "Cross-term dependence of ute", flags = ParameterFlags(0x0)
param "pvoff"
units = "", desc = "Cross-term dependence of voff", flags = ParameterFlags(0x0)
param "pelm"
units = "", desc = "Cross-term dependence of elm", flags = ParameterFlags(0x0)
param "pdelta"
units = "", desc = "Cross-term dependence of delta", flags = ParameterFlags(0x0)
param "prdsw"
units = "", desc = "Cross-term dependence of rdsw ", flags = ParameterFlags(0x0)
param "pprwg"
units = "", desc = "Cross-term dependence of prwg ", flags = ParameterFlags(0x0)
param "pprwb"
units = "", desc = "Cross-term dependence of prwb ", flags = ParameterFlags(0x0)
param "pprt"
units = "", desc = "Cross-term dependence of prt ", flags = ParameterFlags(0x0)
param "peta0"
units = "", desc = "Cross-term dependence of eta0", flags = ParameterFlags(0x0)
param "petab"
units = "", desc = "Cross-term dependence of etab", flags = ParameterFlags(0x0)
param "ppclm"
units = "", desc = "Cross-term dependence of pclm", flags = ParameterFlags(0x0)
param "ppdiblc1"
units = "", desc = "Cross-term dependence of pdiblc1", flags = ParameterFlags(0x0)
param "ppdiblc2"
units = "", desc = "Cross-term dependence of pdiblc2", flags = ParameterFlags(0x0)
param "ppdiblcb"
units = "", desc = "Cross-term dependence of pdiblcb", flags = ParameterFlags(0x0)
param "ppscbe1"
units = "", desc = "Cross-term dependence of pscbe1", flags = ParameterFlags(0x0)
param "ppscbe2"
units = "", desc = "Cross-term dependence of pscbe2", flags = ParameterFlags(0x0)
param "ppvag"
units = "", desc = "Cross-term dependence of pvag", flags = ParameterFlags(0x0)
param "pwr"
units = "", desc = "Cross-term dependence of wr", flags = ParameterFlags(0x0)
param "pdwg"
units = "", desc = "Cross-term dependence of dwg", flags = ParameterFlags(0x0)
param "pdwb"
units = "", desc = "Cross-term dependence of dwb", flags = ParameterFlags(0x0)
param "pb0"
units = "", desc = "Cross-term dependence of b0", flags = ParameterFlags(0x0)
param "pb1"
units = "", desc = "Cross-term dependence of b1", flags = ParameterFlags(0x0)
param "pcgsl"
units = "", desc = "Cross-term dependence of cgsl", flags = ParameterFlags(0x0)
param "pcgdl"
units = "", desc = "Cross-term dependence of cgdl", flags = ParameterFlags(0x0)
param "pckappa"
units = "", desc = "Cross-term dependence of ckappa", flags = ParameterFlags(0x0)
param "pcf"
units = "", desc = "Cross-term dependence of cf", flags = ParameterFlags(0x0)
param "pclc"
units = "", desc = "Cross-term dependence of clc", flags = ParameterFlags(0x0)
param "pcle"
units = "", desc = "Cross-term dependence of cle", flags = ParameterFlags(0x0)
param "palpha0"
units = "", desc = "Cross-term dependence of alpha0", flags = ParameterFlags(0x0)
param "palpha1"
units = "", desc = "Cross-term dependence of alpha1", flags = ParameterFlags(0x0)
param "pbeta0"
units = "", desc = "Cross-term dependence of beta0", flags = ParameterFlags(0x0)
param "pvfbcv"
units = "", desc = "Cross-term dependence of vfbcv", flags = ParameterFlags(0x0)
param "pvfb"
units = "", desc = "Cross-term dependence of vfb", flags = ParameterFlags(0x0)
param "pacde"
units = "", desc = "Cross-term dependence of acde", flags = ParameterFlags(0x0)
param "pmoin"
units = "", desc = "Cross-term dependence of moin", flags = ParameterFlags(0x0)
param "pnoff"
units = "", desc = "Cross-term dependence of noff", flags = ParameterFlags(0x0)
param "pvoffcv"
units = "", desc = "Cross-term dependence of voffcv", flags = ParameterFlags(0x0)
param "noia"
units = "", desc = "Flicker noise parameter", flags = ParameterFlags(0x0)
param "noib"
units = "", desc = "Flicker noise parameter", flags = ParameterFlags(0x0)
param "noic"
units = "", desc = "Flicker noise parameter", flags = ParameterFlags(0x0)
param "em"
units = "", desc = "Flicker noise parameter", flags = ParameterFlags(0x0)
param "ef"
units = "", desc = "Flicker noise frequency exponent", flags = ParameterFlags(0x0)
param "af"
units = "", desc = "Flicker noise exponent", flags = ParameterFlags(0x0)
param "kf"
units = "", desc = "Flicker noise coefficient", flags = ParameterFlags(0x0)
param "vgs_max"
units = "", desc = "maximum voltage G-S branch", flags = ParameterFlags(0x0)
param "vgd_max"
units = "", desc = "maximum voltage G-D branch", flags = ParameterFlags(0x0)
param "vgb_max"
units = "", desc = "maximum voltage G-B branch", flags = ParameterFlags(0x0)
param "vds_max"
units = "", desc = "maximum voltage D-S branch", flags = ParameterFlags(0x0)
param "vbs_max"
units = "", desc = "maximum voltage B-S branch", flags = ParameterFlags(0x0)
param "vbd_max"
units = "", desc = "maximum voltage B-D branch", flags = ParameterFlags(0x0)
param "vgsr_max"
units = "", desc = "maximum voltage G-S branch", flags = ParameterFlags(0x0)
param "vgdr_max"
units = "", desc = "maximum voltage G-D branch", flags = ParameterFlags(0x0)
param "vgbr_max"
units = "", desc = "maximum voltage G-B branch", flags = ParameterFlags(0x0)
param "vbsr_max"
units = "", desc = "maximum voltage B-S branch", flags = ParameterFlags(0x0)
param "vbdr_max"
units = "", desc = "maximum voltage B-D branch", flags = ParameterFlags(0x0)
param "type"
units = "", desc = "N-type (1) or P-type (-1)", flags = ParameterFlags(PARA_TY_INT)

4 terminals
node "d" units = "V", runits = "A"
node "g" units = "V", runits = "A"
node "s" units = "V", runits = "A"
node "b" units = "V", runits = "A"
node "d_int" units = "V", runits = "A"
node "s_int" units = "V", runits = "A"
node "q_int" units = "V", runits = "A"
jacobian (d, d) JacobianFlags(JACOBIAN_ENTRY_RESIST | JACOBIAN_ENTRY_REACT_CONST)
jacobian (d, d_int) JacobianFlags(JACOBIAN_ENTRY_RESIST | JACOBIAN_ENTRY_REACT_CONST)
jacobian (g, g) JacobianFlags(JACOBIAN_ENTRY_RESIST | JACOBIAN_ENTRY_REACT)
jacobian (g, b) JacobianFlags(JACOBIAN_ENTRY_RESIST | JACOBIAN_ENTRY_REACT)
jacobian (g, d_int) JacobianFlags(JACOBIAN_ENTRY_RESIST | JACOBIAN_ENTRY_REACT)
jacobian (g, s_int) JacobianFlags(JACOBIAN_ENTRY_RESIST | JACOBIAN_ENTRY_REACT)
jacobian (g, q_int) JacobianFlags(JACOBIAN_ENTRY_RESIST | JACOBIAN_ENTRY_REACT_CONST)
jacobian (s, s) JacobianFlags(JACOBIAN_ENTRY_RESIST | JACOBIAN_ENTRY_REACT_CONST)
jacobian (s, s_int) JacobianFlags(JACOBIAN_ENTRY_RESIST | JACOBIAN_ENTRY_REACT_CONST)
jacobian (b, g) JacobianFlags(JACOBIAN_ENTRY_RESIST | JACOBIAN_ENTRY_REACT)
jacobian (b, b) JacobianFlags(JACOBIAN_ENTRY_RESIST | JACOBIAN_ENTRY_REACT)
jacobian (b, d_int) JacobianFlags(JACOBIAN_ENTRY_RESIST | JACOBIAN_ENTRY_REACT)
jacobian (b, s_int) JacobianFlags(JACOBIAN_ENTRY_RESIST | JACOBIAN_ENTRY_REACT)
jacobian (d_int, d) JacobianFlags(JACOBIAN_ENTRY_RESIST | JACOBIAN_ENTRY_REACT_CONST)
jacobian (d_int, g) JacobianFlags(JACOBIAN_ENTRY_RESIST | JACOBIAN_ENTRY_REACT)
jacobian (d_int, b) JacobianFlags(JACOBIAN_ENTRY_RESIST | JACOBIAN_ENTRY_REACT)
jacobian (d_int, d_int) JacobianFlags(JACOBIAN_ENTRY_RESIST | JACOBIAN_ENTRY_REACT)
jacobian (d_int, s_int) JacobianFlags(JACOBIAN_ENTRY_RESIST | JACOBIAN_ENTRY_REACT)
jacobian (d_int, q_int) JacobianFlags(JACOBIAN_ENTRY_RESIST | JACOBIAN_ENTRY_REACT_CONST)
jacobian (s_int, g) JacobianFlags(JACOBIAN_ENTRY_RESIST | JACOBIAN_ENTRY_REACT)
jacobian (s_int, s) JacobianFlags(JACOBIAN_ENTRY_RESIST | JACOBIAN_ENTRY_REACT_CONST)
jacobian (s_int, b) JacobianFlags(JACOBIAN_ENTRY_RESIST | JACOBIAN_ENTRY_REACT)
jacobian (s_int, d_int) JacobianFlags(JACOBIAN_ENTRY_RESIST | JACOBIAN_ENTRY_REACT)
jacobian (s_int, s_int) JacobianFlags(JACOBIAN_ENTRY_RESIST | JACOBIAN_ENTRY_REACT)
jacobian (s_int, q_int) JacobianFlags(JACOBIAN_ENTRY_RESIST | JACOBIAN_ENTRY_REACT_CONST)
jacobian (q_int, g) JacobianFlags(JACOBIAN_ENTRY_RESIST | JACOBIAN_ENTRY_REACT)
jacobian (q_int, b) JacobianFlags(JACOBIAN_ENTRY_RESIST | JACOBIAN_ENTRY_REACT)
jacobian (q_int, d_int) JacobianFlags(JACOBIAN_ENTRY_RESIST | JACOBIAN_ENTRY_REACT)
jacobian (q_int, s_int) JacobianFlags(JACOBIAN_ENTRY_RESIST | JACOBIAN_ENTRY_REACT)
jacobian (q_int, q_int) JacobianFlags(JACOBIAN_ENTRY_RESIST | JACOBIAN_ENTRY_REACT)
collapsible (d_int, d)
collapsible (s_int, s)
collapsible (q_int, gnd)
noise "rd" (d_int, d)
noise "rs" (s_int, s)
noise "id" (d_int, s_int)
noise "id" (d_int, s_int)
noise "id" (d_int, s_int)
noise "flicker" (d_int, s_int)
4 states
has bound_step false
